// Jest Snapshot v1, https://goo.gl/fbAQLP

exports[`HighlightBox renders with appropriate position and dimensions 1`] = `
<div
  ariaHidden="true"
  className="highlightBox"
  style={
    Object {
      "height": "50px",
      "left": "50%",
      "top": "50%",
      "width": "100px",
    }
  }
>
  <div
    className="highlightBoxLabel"
  >
    !
  </div>
</div>
`;
